GAS LISTING /tmp/ccLuTcAS.s 			page 1


   1               		.file	"oddebug.c"
   2               	__SP_H__ = 0x3e
   3               	__SP_L__ = 0x3d
   4               	__SREG__ = 0x3f
   5               	__tmp_reg__ = 0
   6               	__zero_reg__ = 1
   7               		.stabs	"/home/garrett/git/shinewave/bootloader/firmware/",100,0,2,.Ltext0
   8               		.stabs	"usbdrv/oddebug.c",100,0,2,.Ltext0
   9               		.text
  10               	.Ltext0:
  11               		.stabs	"gcc2_compiled.",60,0,0,0
  12               		.stabs	"int:t(0,1)=r(0,1);-32768;32767;",128,0,0,0
  13               		.stabs	"char:t(0,2)=r(0,2);0;127;",128,0,0,0
  14               		.stabs	"long int:t(0,3)=@s32;r(0,3);020000000000;017777777777;",128,0,0,0
  15               		.stabs	"unsigned int:t(0,4)=r(0,4);0;0177777;",128,0,0,0
  16               		.stabs	"long unsigned int:t(0,5)=@s32;r(0,5);0;037777777777;",128,0,0,0
  17               		.stabs	"__int128:t(0,6)=@s128;r(0,6);02000000000000000000000000000000000000000000;0177777777777777
  18               		.stabs	"__int128 unsigned:t(0,7)=@s128;r(0,7);0;03777777777777777777777777777777777777777777;",128
  19               		.stabs	"long long int:t(0,8)=@s64;r(0,8);01000000000000000000000;00777777777777777777777;",128,0,0
  20               		.stabs	"long long unsigned int:t(0,9)=@s64;r(0,9);0;01777777777777777777777;",128,0,0,0
  21               		.stabs	"short int:t(0,10)=r(0,10);-32768;32767;",128,0,0,0
  22               		.stabs	"short unsigned int:t(0,11)=r(0,11);0;0177777;",128,0,0,0
  23               		.stabs	"signed char:t(0,12)=@s8;r(0,12);-128;127;",128,0,0,0
  24               		.stabs	"unsigned char:t(0,13)=@s8;r(0,13);0;255;",128,0,0,0
  25               		.stabs	"float:t(0,14)=r(0,1);4;0;",128,0,0,0
  26               		.stabs	"double:t(0,15)=r(0,1);4;0;",128,0,0,0
  27               		.stabs	"long double:t(0,16)=r(0,1);4;0;",128,0,0,0
  28               		.stabs	"short _Fract:t(0,17)=r(0,1);1;0;",128,0,0,0
  29               		.stabs	"_Fract:t(0,18)=r(0,1);2;0;",128,0,0,0
  30               		.stabs	"long _Fract:t(0,19)=r(0,1);4;0;",128,0,0,0
  31               		.stabs	"long long _Fract:t(0,20)=r(0,1);8;0;",128,0,0,0
  32               		.stabs	"unsigned short _Fract:t(0,21)=r(0,1);1;0;",128,0,0,0
  33               		.stabs	"unsigned _Fract:t(0,22)=r(0,1);2;0;",128,0,0,0
  34               		.stabs	"unsigned long _Fract:t(0,23)=r(0,1);4;0;",128,0,0,0
  35               		.stabs	"unsigned long long _Fract:t(0,24)=r(0,1);8;0;",128,0,0,0
  36               		.stabs	"_Sat short _Fract:t(0,25)=r(0,1);1;0;",128,0,0,0
  37               		.stabs	"_Sat _Fract:t(0,26)=r(0,1);2;0;",128,0,0,0
  38               		.stabs	"_Sat long _Fract:t(0,27)=r(0,1);4;0;",128,0,0,0
  39               		.stabs	"_Sat long long _Fract:t(0,28)=r(0,1);8;0;",128,0,0,0
  40               		.stabs	"_Sat unsigned short _Fract:t(0,29)=r(0,1);1;0;",128,0,0,0
  41               		.stabs	"_Sat unsigned _Fract:t(0,30)=r(0,1);2;0;",128,0,0,0
  42               		.stabs	"_Sat unsigned long _Fract:t(0,31)=r(0,1);4;0;",128,0,0,0
  43               		.stabs	"_Sat unsigned long long _Fract:t(0,32)=r(0,1);8;0;",128,0,0,0
  44               		.stabs	"short _Accum:t(0,33)=r(0,1);2;0;",128,0,0,0
  45               		.stabs	"_Accum:t(0,34)=r(0,1);4;0;",128,0,0,0
  46               		.stabs	"long _Accum:t(0,35)=r(0,1);8;0;",128,0,0,0
  47               		.stabs	"long long _Accum:t(0,36)=r(0,1);8;0;",128,0,0,0
  48               		.stabs	"unsigned short _Accum:t(0,37)=r(0,1);2;0;",128,0,0,0
  49               		.stabs	"unsigned _Accum:t(0,38)=r(0,1);4;0;",128,0,0,0
  50               		.stabs	"unsigned long _Accum:t(0,39)=r(0,1);8;0;",128,0,0,0
  51               		.stabs	"unsigned long long _Accum:t(0,40)=r(0,1);8;0;",128,0,0,0
  52               		.stabs	"_Sat short _Accum:t(0,41)=r(0,1);2;0;",128,0,0,0
  53               		.stabs	"_Sat _Accum:t(0,42)=r(0,1);4;0;",128,0,0,0
  54               		.stabs	"_Sat long _Accum:t(0,43)=r(0,1);8;0;",128,0,0,0
  55               		.stabs	"_Sat long long _Accum:t(0,44)=r(0,1);8;0;",128,0,0,0
  56               		.stabs	"_Sat unsigned short _Accum:t(0,45)=r(0,1);2;0;",128,0,0,0
  57               		.stabs	"_Sat unsigned _Accum:t(0,46)=r(0,1);4;0;",128,0,0,0
GAS LISTING /tmp/ccLuTcAS.s 			page 2


  58               		.stabs	"_Sat unsigned long _Accum:t(0,47)=r(0,1);8;0;",128,0,0,0
  59               		.stabs	"_Sat unsigned long long _Accum:t(0,48)=r(0,1);8;0;",128,0,0,0
  60               		.stabs	"void:t(0,49)=(0,49)",128,0,0,0
  61               		.stabs	"usbdrv/oddebug.h",130,0,0,0
  62               		.stabs	"usbdrv/usbportability.h",130,0,0,0
  63               		.stabs	"/usr/avr/include/avr/io.h",130,0,0,0
  64               		.stabs	"/usr/avr/include/avr/sfr_defs.h",130,0,0,0
  65               		.stabs	"/usr/avr/include/inttypes.h",130,0,0,0
  66               		.stabs	"/usr/lib/gcc/avr/5.3.0/include/stdint.h",130,0,0,0
  67               		.stabs	"/usr/avr/include/stdint.h",130,0,0,0
  68               		.stabs	"int8_t:t(7,1)=(0,12)",128,0,125,0
  69               		.stabs	"uint8_t:t(7,2)=(0,13)",128,0,126,0
  70               		.stabs	"int16_t:t(7,3)=(0,1)",128,0,127,0
  71               		.stabs	"uint16_t:t(7,4)=(0,4)",128,0,128,0
  72               		.stabs	"int32_t:t(7,5)=(0,3)",128,0,129,0
  73               		.stabs	"uint32_t:t(7,6)=(0,5)",128,0,130,0
  74               		.stabs	"int64_t:t(7,7)=(0,8)",128,0,132,0
  75               		.stabs	"uint64_t:t(7,8)=(0,9)",128,0,133,0
  76               		.stabs	"intptr_t:t(7,9)=(7,3)",128,0,146,0
  77               		.stabs	"uintptr_t:t(7,10)=(7,4)",128,0,151,0
  78               		.stabs	"int_least8_t:t(7,11)=(7,1)",128,0,163,0
  79               		.stabs	"uint_least8_t:t(7,12)=(7,2)",128,0,168,0
  80               		.stabs	"int_least16_t:t(7,13)=(7,3)",128,0,173,0
  81               		.stabs	"uint_least16_t:t(7,14)=(7,4)",128,0,178,0
  82               		.stabs	"int_least32_t:t(7,15)=(7,5)",128,0,183,0
  83               		.stabs	"uint_least32_t:t(7,16)=(7,6)",128,0,188,0
  84               		.stabs	"int_least64_t:t(7,17)=(7,7)",128,0,196,0
  85               		.stabs	"uint_least64_t:t(7,18)=(7,8)",128,0,203,0
  86               		.stabs	"int_fast8_t:t(7,19)=(7,1)",128,0,217,0
  87               		.stabs	"uint_fast8_t:t(7,20)=(7,2)",128,0,222,0
  88               		.stabs	"int_fast16_t:t(7,21)=(7,3)",128,0,227,0
  89               		.stabs	"uint_fast16_t:t(7,22)=(7,4)",128,0,232,0
  90               		.stabs	"int_fast32_t:t(7,23)=(7,5)",128,0,237,0
  91               		.stabs	"uint_fast32_t:t(7,24)=(7,6)",128,0,242,0
  92               		.stabs	"int_fast64_t:t(7,25)=(7,7)",128,0,250,0
  93               		.stabs	"uint_fast64_t:t(7,26)=(7,8)",128,0,257,0
  94               		.stabs	"intmax_t:t(7,27)=(7,7)",128,0,277,0
  95               		.stabs	"uintmax_t:t(7,28)=(7,8)",128,0,282,0
  96               		.stabn	162,0,0,0
  97               		.stabn	162,0,0,0
  98               		.stabs	"int_farptr_t:t(5,1)=(7,5)",128,0,77,0
  99               		.stabs	"uint_farptr_t:t(5,2)=(7,6)",128,0,81,0
 100               		.stabn	162,0,0,0
 101               		.stabn	162,0,0,0
 102               		.stabs	"/usr/avr/include/avr/fuse.h",130,0,0,0
 103               		.stabs	"__fuse_t:t(8,1)=(8,2)=s3low:(0,13),0,8;high:(0,13),8,8;extended:(0,13),16,8;;",128,0,244,0
 104               		.stabn	162,0,0,0
 105               		.stabn	162,0,0,0
 106               		.stabs	"/usr/avr/include/avr/pgmspace.h",130,0,0,0
 107               		.stabs	"/usr/lib/gcc/avr/5.3.0/include/stddef.h",130,0,0,0
 108               		.stabs	"size_t:t(10,1)=(0,4)",128,0,216,0
 109               		.stabn	162,0,0,0
 110               		.stabn	162,0,0,0
 111               		.stabn	162,0,0,0
 112               		.stabn	162,0,0,0
 113               		.stabs	"",100,0,0,.Letext0
 114               	.Letext0:
GAS LISTING /tmp/ccLuTcAS.s 			page 3


 115               		.ident	"GCC: (GNU) 5.3.0"
GAS LISTING /tmp/ccLuTcAS.s 			page 4


DEFINED SYMBOLS
                            *ABS*:0000000000000000 oddebug.c
     /tmp/ccLuTcAS.s:2      *ABS*:000000000000003e __SP_H__
     /tmp/ccLuTcAS.s:3      *ABS*:000000000000003d __SP_L__
     /tmp/ccLuTcAS.s:4      *ABS*:000000000000003f __SREG__
     /tmp/ccLuTcAS.s:5      *ABS*:0000000000000000 __tmp_reg__
     /tmp/ccLuTcAS.s:6      *ABS*:0000000000000001 __zero_reg__

NO UNDEFINED SYMBOLS
